Num weight bits = 18
learning rate = 0.5
initial_t = 0
power_t = 0.5
decay_learning_rate = 1
using cache_file = train-sets\cb_adf_multipass_crash_1.data.cache
ignoring text input in favor of cache input
num sources = 1
Enabled reductions: gd, scorer, csoaa_ldf, cb_adf, shared_feature_merger
average  since         example        example  current  current  current
loss     last          counter         weight    label  predict features
0.133333 0.133333            1            1.0 0:0.1:0.75        0:0...        7
